Archive member included because of file (symbol)

/usr/lib/gcc/avr/4.7.2/avr5/libgcc.a(_divmodhi4.o)
                              ./src/sensorIR.o (__divmodhi4)
/usr/lib/gcc/avr/4.7.2/avr5/libgcc.a(_divmodsi4.o)
                              ./src/ultrasom.o (__divmodsi4)
/usr/lib/gcc/avr/4.7.2/avr5/libgcc.a(_exit.o)
                              /usr/lib/gcc/avr/4.7.2/../../../avr/lib/avr5/crtm328p.o (exit)
/usr/lib/gcc/avr/4.7.2/avr5/libgcc.a(_copy_data.o)
                              ./main.o (__do_copy_data)
/usr/lib/gcc/avr/4.7.2/avr5/libgcc.a(_clear_bss.o)
                              ./src/uart.o (__do_clear_bss)
/usr/lib/gcc/avr/4.7.2/avr5/libgcc.a(_addsub_sf.o)
                              ./src/motores.o (__addsf3)
/usr/lib/gcc/avr/4.7.2/avr5/libgcc.a(_mul_sf.o)
                              ./src/motores.o (__mulsf3)
/usr/lib/gcc/avr/4.7.2/avr5/libgcc.a(_div_sf.o)
                              ./src/motores.o (__divsf3)
/usr/lib/gcc/avr/4.7.2/avr5/libgcc.a(_gt_sf.o)
                              ./src/ultrasom_stepper.o (__gtsf2)
/usr/lib/gcc/avr/4.7.2/avr5/libgcc.a(_ge_sf.o)
                              ./src/motores.o (__gesf2)
/usr/lib/gcc/avr/4.7.2/avr5/libgcc.a(_si_to_sf.o)
                              ./src/motores.o (__floatsisf)
/usr/lib/gcc/avr/4.7.2/avr5/libgcc.a(_sf_to_si.o)
                              ./src/motores.o (__fixsfsi)
/usr/lib/gcc/avr/4.7.2/avr5/libgcc.a(_thenan_sf.o)
                              /usr/lib/gcc/avr/4.7.2/avr5/libgcc.a(_addsub_sf.o) (__thenan_sf)
/usr/lib/gcc/avr/4.7.2/avr5/libgcc.a(_usi_to_sf.o)
                              ./src/ultrasom.o (__floatunsisf)
/usr/lib/gcc/avr/4.7.2/avr5/libgcc.a(_udivmodhi4.o)
                              /usr/lib/gcc/avr/4.7.2/avr5/libgcc.a(_divmodhi4.o) (__udivmodhi4)
/usr/lib/gcc/avr/4.7.2/avr5/libgcc.a(_udivmodsi4.o)
                              /usr/lib/gcc/avr/4.7.2/avr5/libgcc.a(_divmodsi4.o) (__udivmodsi4)
/usr/lib/gcc/avr/4.7.2/avr5/libgcc.a(_prologue.o)
                              /usr/lib/gcc/avr/4.7.2/avr5/libgcc.a(_addsub_sf.o) (__prologue_saves__)
/usr/lib/gcc/avr/4.7.2/avr5/libgcc.a(_epilogue.o)
                              /usr/lib/gcc/avr/4.7.2/avr5/libgcc.a(_addsub_sf.o) (__epilogue_restores__)
/usr/lib/gcc/avr/4.7.2/avr5/libgcc.a(_clzsi2.o)
                              /usr/lib/gcc/avr/4.7.2/avr5/libgcc.a(_si_to_sf.o) (__clzsi2)
/usr/lib/gcc/avr/4.7.2/avr5/libgcc.a(_clzhi2.o)
                              /usr/lib/gcc/avr/4.7.2/avr5/libgcc.a(_clzsi2.o) (__clzhi2)
/usr/lib/gcc/avr/4.7.2/avr5/libgcc.a(_pack_sf.o)
                              /usr/lib/gcc/avr/4.7.2/avr5/libgcc.a(_addsub_sf.o) (__pack_f)
/usr/lib/gcc/avr/4.7.2/avr5/libgcc.a(_unpack_sf.o)
                              /usr/lib/gcc/avr/4.7.2/avr5/libgcc.a(_addsub_sf.o) (__unpack_f)
/usr/lib/gcc/avr/4.7.2/avr5/libgcc.a(_fpcmp_parts_sf.o)
                              /usr/lib/gcc/avr/4.7.2/avr5/libgcc.a(_gt_sf.o) (__fpcmp_parts_f)
/usr/lib/gcc/avr/4.7.2/../../../avr/lib/avr5/libc.a(abort.o)
                              ./main.o (abort)
/usr/lib/gcc/avr/4.7.2/../../../avr/lib/avr5/libc.a(iob.o)
                              ./main.o (__iob)
/usr/lib/gcc/avr/4.7.2/../../../avr/lib/avr5/libc.a(sqrt.o)
                              ./src/motores.o (sqrt)
/usr/lib/gcc/avr/4.7.2/../../../avr/lib/avr5/libc.a(fp_mpack.o)
                              /usr/lib/gcc/avr/4.7.2/../../../avr/lib/avr5/libc.a(sqrt.o) (__fp_mpack)
/usr/lib/gcc/avr/4.7.2/../../../avr/lib/avr5/libc.a(fp_nan.o)
                              /usr/lib/gcc/avr/4.7.2/../../../avr/lib/avr5/libc.a(sqrt.o) (__fp_nan)
/usr/lib/gcc/avr/4.7.2/../../../avr/lib/avr5/libc.a(fp_norm2.o)
                              /usr/lib/gcc/avr/4.7.2/../../../avr/lib/avr5/libc.a(sqrt.o) (__fp_norm2)
/usr/lib/gcc/avr/4.7.2/../../../avr/lib/avr5/libc.a(fp_split3.o)
                              /usr/lib/gcc/avr/4.7.2/../../../avr/lib/avr5/libc.a(sqrt.o) (__fp_splitA)

Allocating common symbols
Common symbol       size              file

x                   0x2               ./main.o
milliseconds        0x4               ./main.o
y                   0x2               ./main.o
__iob               0x6               /usr/lib/gcc/avr/4.7.2/../../../avr/lib/avr5/libc.a(iob.o)

Memory Configuration

Name             Origin             Length             Attributes
text             0x0000000000000000 0x0000000000020000 xr
data             0x0000000000800060 0x000000000000ffa0 rw !x
eeprom           0x0000000000810000 0x0000000000010000 rw !x
fuse             0x0000000000820000 0x0000000000000400 rw !x
lock             0x0000000000830000 0x0000000000000400 rw !x
signature        0x0000000000840000 0x0000000000000400 rw !x
*default*        0x0000000000000000 0xffffffffffffffff

Linker script and memory map

Address of section .data set to 0x800100
LOAD /usr/lib/gcc/avr/4.7.2/../../../avr/lib/avr5/crtm328p.o
LOAD ./src/motores.o
LOAD ./src/myDelay.o
LOAD ./src/sensorIR.o
LOAD ./src/uart.o
LOAD ./src/ultrasom.o
LOAD ./src/ultrasom_stepper.o
LOAD ./main.o
LOAD /usr/lib/gcc/avr/4.7.2/avr5/libgcc.a
LOAD /usr/lib/gcc/avr/4.7.2/../../../avr/lib/avr5/libc.a
LOAD /usr/lib/gcc/avr/4.7.2/avr5/libgcc.a

.hash
 *(.hash)

.dynsym
 *(.dynsym)

.dynstr
 *(.dynstr)

.gnu.version
 *(.gnu.version)

.gnu.version_d
 *(.gnu.version_d)

.gnu.version_r
 *(.gnu.version_r)

.rel.init
 *(.rel.init)

.rela.init
 *(.rela.init)

.rel.text
 *(.rel.text)
 *(.rel.text.*)
 *(.rel.gnu.linkonce.t*)

.rela.text
 *(.rela.text)
 *(.rela.text.*)
 *(.rela.gnu.linkonce.t*)

.rel.fini
 *(.rel.fini)

.rela.fini
 *(.rela.fini)

.rel.rodata
 *(.rel.rodata)
 *(.rel.rodata.*)
 *(.rel.gnu.linkonce.r*)

.rela.rodata
 *(.rela.rodata)
 *(.rela.rodata.*)
 *(.rela.gnu.linkonce.r*)

.rel.data
 *(.rel.data)
 *(.rel.data.*)
 *(.rel.gnu.linkonce.d*)

.rela.data
 *(.rela.data)
 *(.rela.data.*)
 *(.rela.gnu.linkonce.d*)

.rel.ctors
 *(.rel.ctors)

.rela.ctors
 *(.rela.ctors)

.rel.dtors
 *(.rel.dtors)

.rela.dtors
 *(.rela.dtors)

.rel.got
 *(.rel.got)

.rela.got
 *(.rela.got)

.rel.bss
 *(.rel.bss)

.rela.bss
 *(.rela.bss)

.rel.plt
 *(.rel.plt)

.rela.plt
 *(.rela.plt)

.text           0x0000000000000000     0x1dcc
 *(.vectors)
 .vectors       0x0000000000000000       0x68 /usr/lib/gcc/avr/4.7.2/../../../avr/lib/avr5/crtm328p.o
                0x0000000000000000                __vectors
                0x0000000000000000                __vector_default
 *(.vectors)
 *(.progmem.gcc*)
 *(.progmem*)
                0x0000000000000068                . = ALIGN (0x2)
                0x0000000000000068                __trampolines_start = .
 *(.trampolines)
 .trampolines   0x0000000000000068        0x0 linker stubs
 *(.trampolines*)
                0x0000000000000068                __trampolines_end = .
 *(.jumptables)
 *(.jumptables*)
 *(.lowtext)
 *(.lowtext*)
                0x0000000000000068                __ctors_start = .
 *(.ctors)
                0x0000000000000068                __ctors_end = .
                0x0000000000000068                __dtors_start = .
 *(.dtors)
                0x0000000000000068                __dtors_end = .
 SORT(*)(.ctors)
 SORT(*)(.dtors)
 *(.init0)
 .init0         0x0000000000000068        0x0 /usr/lib/gcc/avr/4.7.2/../../../avr/lib/avr5/crtm328p.o
                0x0000000000000068                __init
 *(.init0)
 *(.init1)
 *(.init1)
 *(.init2)
 .init2         0x0000000000000068        0xc /usr/lib/gcc/avr/4.7.2/../../../avr/lib/avr5/crtm328p.o
 *(.init2)
 *(.init3)
 *(.init3)
 *(.init4)
 .init4         0x0000000000000074       0x16 /usr/lib/gcc/avr/4.7.2/avr5/libgcc.a(_copy_data.o)
                0x0000000000000074                __do_copy_data
 .init4         0x000000000000008a       0x10 /usr/lib/gcc/avr/4.7.2/avr5/libgcc.a(_clear_bss.o)
                0x000000000000008a                __do_clear_bss
 *(.init4)
 *(.init5)
 *(.init5)
 *(.init6)
 *(.init6)
 *(.init7)
 *(.init7)
 *(.init8)
 *(.init8)
 *(.init9)
 .init9         0x000000000000009a        0x8 /usr/lib/gcc/avr/4.7.2/../../../avr/lib/avr5/crtm328p.o
 *(.init9)
 *(.text)
 .text          0x00000000000000a2        0x4 /usr/lib/gcc/avr/4.7.2/../../../avr/lib/avr5/crtm328p.o
                0x00000000000000a2                __vector_22
                0x00000000000000a2                __vector_1
                0x00000000000000a2                __vector_24
                0x00000000000000a2                __vector_12
                0x00000000000000a2                __bad_interrupt
                0x00000000000000a2                __vector_6
                0x00000000000000a2                __vector_3
                0x00000000000000a2                __vector_23
                0x00000000000000a2                __vector_25
                0x00000000000000a2                __vector_11
                0x00000000000000a2                __vector_13
                0x00000000000000a2                __vector_17
                0x00000000000000a2                __vector_7
                0x00000000000000a2                __vector_5
                0x00000000000000a2                __vector_4
                0x00000000000000a2                __vector_9
                0x00000000000000a2                __vector_2
                0x00000000000000a2                __vector_21
                0x00000000000000a2                __vector_15
                0x00000000000000a2                __vector_8
                0x00000000000000a2                __vector_14
                0x00000000000000a2                __vector_10
                0x00000000000000a2                __vector_16
                0x00000000000000a2                __vector_20
 .text          0x00000000000000a6        0x0 ./src/motores.o
 .text          0x00000000000000a6        0x0 ./src/myDelay.o
 .text          0x00000000000000a6        0x0 ./src/sensorIR.o
 .text          0x00000000000000a6        0x0 ./src/uart.o
 .text          0x00000000000000a6        0x0 ./src/ultrasom.o
 .text          0x00000000000000a6        0x0 ./src/ultrasom_stepper.o
 .text          0x00000000000000a6        0x0 ./main.o
 .text          0x00000000000000a6        0x0 /usr/lib/gcc/avr/4.7.2/avr5/libgcc.a(_divmodhi4.o)
 .text          0x00000000000000a6        0x0 /usr/lib/gcc/avr/4.7.2/avr5/libgcc.a(_divmodsi4.o)
 .text          0x00000000000000a6        0x0 /usr/lib/gcc/avr/4.7.2/avr5/libgcc.a(_exit.o)
 .text          0x00000000000000a6        0x0 /usr/lib/gcc/avr/4.7.2/avr5/libgcc.a(_copy_data.o)
 .text          0x00000000000000a6        0x0 /usr/lib/gcc/avr/4.7.2/avr5/libgcc.a(_clear_bss.o)
 .text          0x00000000000000a6      0x370 /usr/lib/gcc/avr/4.7.2/avr5/libgcc.a(_addsub_sf.o)
                0x000000000000035e                __addsf3
                0x00000000000003b6                __subsf3
 .text          0x0000000000000416      0x1ca /usr/lib/gcc/avr/4.7.2/avr5/libgcc.a(_mul_sf.o)
                0x0000000000000416                __mulsf3
 .text          0x00000000000005e0      0x146 /usr/lib/gcc/avr/4.7.2/avr5/libgcc.a(_div_sf.o)
                0x00000000000005e0                __divsf3
 .text          0x0000000000000726       0x5e /usr/lib/gcc/avr/4.7.2/avr5/libgcc.a(_gt_sf.o)
                0x0000000000000726                __gtsf2
 .text          0x0000000000000784       0x5e /usr/lib/gcc/avr/4.7.2/avr5/libgcc.a(_ge_sf.o)
                0x0000000000000784                __gesf2
 .text          0x00000000000007e2       0xb8 /usr/lib/gcc/avr/4.7.2/avr5/libgcc.a(_si_to_sf.o)
                0x00000000000007e2                __floatsisf
 .text          0x000000000000089a       0x9e /usr/lib/gcc/avr/4.7.2/avr5/libgcc.a(_sf_to_si.o)
                0x000000000000089a                __fixsfsi
 .text          0x0000000000000938        0x0 /usr/lib/gcc/avr/4.7.2/avr5/libgcc.a(_thenan_sf.o)
 .text          0x0000000000000938       0xec /usr/lib/gcc/avr/4.7.2/avr5/libgcc.a(_usi_to_sf.o)
                0x0000000000000938                __floatunsisf
 .text          0x0000000000000a24        0x0 /usr/lib/gcc/avr/4.7.2/avr5/libgcc.a(_udivmodhi4.o)
 .text          0x0000000000000a24        0x0 /usr/lib/gcc/avr/4.7.2/avr5/libgcc.a(_udivmodsi4.o)
 .text          0x0000000000000a24        0x0 /usr/lib/gcc/avr/4.7.2/avr5/libgcc.a(_prologue.o)
 .text          0x0000000000000a24        0x0 /usr/lib/gcc/avr/4.7.2/avr5/libgcc.a(_epilogue.o)
 .text          0x0000000000000a24        0x0 /usr/lib/gcc/avr/4.7.2/avr5/libgcc.a(_clzsi2.o)
 .text          0x0000000000000a24        0x0 /usr/lib/gcc/avr/4.7.2/avr5/libgcc.a(_clzhi2.o)
 .text          0x0000000000000a24      0x194 /usr/lib/gcc/avr/4.7.2/avr5/libgcc.a(_pack_sf.o)
                0x0000000000000a24                __pack_f
 .text          0x0000000000000bb8       0xde /usr/lib/gcc/avr/4.7.2/avr5/libgcc.a(_unpack_sf.o)
                0x0000000000000bb8                __unpack_f
 .text          0x0000000000000c96       0xc2 /usr/lib/gcc/avr/4.7.2/avr5/libgcc.a(_fpcmp_parts_sf.o)
                0x0000000000000c96                __fpcmp_parts_f
 .text          0x0000000000000d58        0x0 /usr/lib/gcc/avr/4.7.2/../../../avr/lib/avr5/libc.a(abort.o)
 .text          0x0000000000000d58        0x0 /usr/lib/gcc/avr/4.7.2/../../../avr/lib/avr5/libc.a(iob.o)
 .text          0x0000000000000d58        0x0 /usr/lib/gcc/avr/4.7.2/../../../avr/lib/avr5/libc.a(sqrt.o)
 .text          0x0000000000000d58        0x0 /usr/lib/gcc/avr/4.7.2/../../../avr/lib/avr5/libc.a(fp_mpack.o)
 .text          0x0000000000000d58        0x0 /usr/lib/gcc/avr/4.7.2/../../../avr/lib/avr5/libc.a(fp_nan.o)
 .text          0x0000000000000d58        0x0 /usr/lib/gcc/avr/4.7.2/../../../avr/lib/avr5/libc.a(fp_norm2.o)
 .text          0x0000000000000d58        0x0 /usr/lib/gcc/avr/4.7.2/../../../avr/lib/avr5/libc.a(fp_split3.o)
                0x0000000000000d58                . = ALIGN (0x2)
 *(.text.*)
 .text.calcula_coordenadas
                0x0000000000000d58      0x1e6 ./src/motores.o
                0x0000000000000d58                calcula_coordenadas
 .text.move_motores
                0x0000000000000f3e      0x1d0 ./src/motores.o
                0x0000000000000f3e                move_motores
 .text.motores_stop
                0x000000000000110e        0x6 ./src/motores.o
                0x000000000000110e                motores_stop
 .text.mydelay_ms
                0x0000000000001114       0x16 ./src/myDelay.o
                0x0000000000001114                mydelay_ms
 .text.mydelay_us
                0x000000000000112a       0x12 ./src/myDelay.o
                0x000000000000112a                mydelay_us
 .text.obstacleAlarm
                0x000000000000113c       0x26 ./src/sensorIR.o
                0x000000000000113c                obstacleAlarm
 .text.ir_converToDistance
                0x0000000000001162       0x16 ./src/sensorIR.o
                0x0000000000001162                ir_converToDistance
 .text.verificaObstaculo
                0x0000000000001178       0x54 ./src/sensorIR.o
                0x0000000000001178                verificaObstaculo
 .text.__vector_18
                0x00000000000011cc       0x56 ./src/uart.o
                0x00000000000011cc                __vector_18
 .text.__vector_19
                0x0000000000001222       0x54 ./src/uart.o
                0x0000000000001222                __vector_19
 .text.uart_init
                0x0000000000001276       0x32 ./src/uart.o
                0x0000000000001276                uart_init
 .text.uart_getc
                0x00000000000012a8       0x38 ./src/uart.o
                0x00000000000012a8                uart_getc
 .text.uart_putc
                0x00000000000012e0       0x2a ./src/uart.o
                0x00000000000012e0                uart_putc
 .text.uart_puts
                0x000000000000130a       0x3c ./src/uart.o
                0x000000000000130a                uart_puts
 .text.uart_puts_p
                0x0000000000001346       0x44 ./src/uart.o
                0x0000000000001346                uart_puts_p
 .text.usart_putchar_printf
                0x000000000000138a       0x5e ./src/uart.o
                0x000000000000138a                usart_putchar_printf
 .text.uart_available
                0x00000000000013e8       0x1a ./src/uart.o
                0x00000000000013e8                uart_available
 .text.uart_flush
                0x0000000000001402        0xa ./src/uart.o
                0x0000000000001402                uart_flush
 .text.microsecondsToInches
                0x000000000000140c       0x12 ./src/ultrasom.o
                0x000000000000140c                microsecondsToInches
 .text.microsecondsToCentimeters
                0x000000000000141e       0x12 ./src/ultrasom.o
                0x000000000000141e                microsecondsToCentimeters
 .text.getPulseWidth
                0x0000000000001430       0x74 ./src/ultrasom.o
                0x0000000000001430                getPulseWidth
 .text.get_UltrasoundData
                0x00000000000014a4       0xbe ./src/ultrasom.o
                0x00000000000014a4                get_UltrasoundData
 .text.sweep_sonar
                0x0000000000001562       0x60 ./src/ultrasom.o
                0x0000000000001562                sweep_sonar
 .text.set_stepper_zero
                0x00000000000015c2       0x84 ./src/ultrasom_stepper.o
                0x00000000000015c2                set_stepper_zero
 .text.rotate   0x0000000000001646       0x7c ./src/ultrasom_stepper.o
                0x0000000000001646                rotate
 .text.sonar_rotate
                0x00000000000016c2       0xa2 ./src/ultrasom_stepper.o
                0x00000000000016c2                sonar_rotate
 .text.rotateDeg
                0x0000000000001764       0xc4 ./src/ultrasom_stepper.o
                0x0000000000001764                rotateDeg
 .text.stepper_sweep
                0x0000000000001828       0x54 ./src/ultrasom_stepper.o
                0x0000000000001828                stepper_sweep
 .text.setJoystick_Int
                0x000000000000187c       0x4e ./main.o
                0x000000000000187c                setJoystick_Int
 .text.trata_Protocolo
                0x00000000000018ca       0xca ./main.o
                0x00000000000018ca                trata_Protocolo
 .text.trata_Obstaculos
                0x0000000000001994       0x2a ./main.o
                0x0000000000001994                trata_Obstaculos
 .text.uartInit
                0x00000000000019be       0x16 ./main.o
                0x00000000000019be                uartInit
 .text.switch_init
                0x00000000000019d4        0x4 ./main.o
                0x00000000000019d4                switch_init
 .text.stepper_init
                0x00000000000019d8        0x8 ./main.o
                0x00000000000019d8                stepper_init
 .text.timer0_init
                0x00000000000019e0       0x44 ./main.o
                0x00000000000019e0                timer0_init
 .text.ADC_init
                0x0000000000001a24       0x84 ./main.o
                0x0000000000001a24                ADC_init
 .text.buzzer_init
                0x0000000000001aa8        0x4 ./main.o
                0x0000000000001aa8                buzzer_init
 .text.startup.main
                0x0000000000001aac       0xaa ./main.o
                0x0000000000001aac                main
 .text.libgcc.mul
                0x0000000000001b56        0x0 /usr/lib/gcc/avr/4.7.2/avr5/libgcc.a(_divmodhi4.o)
 .text.libgcc.div
                0x0000000000001b56       0x28 /usr/lib/gcc/avr/4.7.2/avr5/libgcc.a(_divmodhi4.o)
                0x0000000000001b56                __divmodhi4
                0x0000000000001b56                _div
 .text.libgcc   0x0000000000001b7e        0x0 /usr/lib/gcc/avr/4.7.2/avr5/libgcc.a(_divmodhi4.o)
 .text.libgcc.prologue
                0x0000000000001b7e        0x0 /usr/lib/gcc/avr/4.7.2/avr5/libgcc.a(_divmodhi4.o)
 .text.libgcc.builtins
                0x0000000000001b7e        0x0 /usr/lib/gcc/avr/4.7.2/avr5/libgcc.a(_divmodhi4.o)
 .text.libgcc.fmul
                0x0000000000001b7e        0x0 /usr/lib/gcc/avr/4.7.2/avr5/libgcc.a(_divmodhi4.o)
 .text.libgcc.mul
                0x0000000000001b7e        0x0 /usr/lib/gcc/avr/4.7.2/avr5/libgcc.a(_divmodsi4.o)
 .text.libgcc.div
                0x0000000000001b7e       0x38 /usr/lib/gcc/avr/4.7.2/avr5/libgcc.a(_divmodsi4.o)
                0x0000000000001b7e                __divmodsi4
 .text.libgcc   0x0000000000001bb6        0x0 /usr/lib/gcc/avr/4.7.2/avr5/libgcc.a(_divmodsi4.o)
 .text.libgcc.prologue
                0x0000000000001bb6        0x0 /usr/lib/gcc/avr/4.7.2/avr5/libgcc.a(_divmodsi4.o)
 .text.libgcc.builtins
                0x0000000000001bb6        0x0 /usr/lib/gcc/avr/4.7.2/avr5/libgcc.a(_divmodsi4.o)
 .text.libgcc.fmul
                0x0000000000001bb6        0x0 /usr/lib/gcc/avr/4.7.2/avr5/libgcc.a(_divmodsi4.o)
 .text.libgcc.mul
                0x0000000000001bb6        0x0 /usr/lib/gcc/avr/4.7.2/avr5/libgcc.a(_exit.o)
 .text.libgcc.div
                0x0000000000001bb6        0x0 /usr/lib/gcc/avr/4.7.2/avr5/libgcc.a(_exit.o)
 .text.libgcc   0x0000000000001bb6        0x0 /usr/lib/gcc/avr/4.7.2/avr5/libgcc.a(_exit.o)
 .text.libgcc.prologue
                0x0000000000001bb6        0x0 /usr/lib/gcc/avr/4.7.2/avr5/libgcc.a(_exit.o)
 .text.libgcc.builtins
                0x0000000000001bb6        0x0 /usr/lib/gcc/avr/4.7.2/avr5/libgcc.a(_exit.o)
 .text.libgcc.fmul
                0x0000000000001bb6        0x0 /usr/lib/gcc/avr/4.7.2/avr5/libgcc.a(_exit.o)
 .text.libgcc.mul
                0x0000000000001bb6        0x0 /usr/lib/gcc/avr/4.7.2/avr5/libgcc.a(_copy_data.o)
 .text.libgcc.div
                0x0000000000001bb6        0x0 /usr/lib/gcc/avr/4.7.2/avr5/libgcc.a(_copy_data.o)
 .text.libgcc   0x0000000000001bb6        0x0 /usr/lib/gcc/avr/4.7.2/avr5/libgcc.a(_copy_data.o)
 .text.libgcc.prologue
                0x0000000000001bb6        0x0 /usr/lib/gcc/avr/4.7.2/avr5/libgcc.a(_copy_data.o)
 .text.libgcc.builtins
                0x0000000000001bb6        0x0 /usr/lib/gcc/avr/4.7.2/avr5/libgcc.a(_copy_data.o)
 .text.libgcc.fmul
                0x0000000000001bb6        0x0 /usr/lib/gcc/avr/4.7.2/avr5/libgcc.a(_copy_data.o)
 .text.libgcc.mul
                0x0000000000001bb6        0x0 /usr/lib/gcc/avr/4.7.2/avr5/libgcc.a(_clear_bss.o)
 .text.libgcc.div
                0x0000000000001bb6        0x0 /usr/lib/gcc/avr/4.7.2/avr5/libgcc.a(_clear_bss.o)
 .text.libgcc   0x0000000000001bb6        0x0 /usr/lib/gcc/avr/4.7.2/avr5/libgcc.a(_clear_bss.o)
 .text.libgcc.prologue
                0x0000000000001bb6        0x0 /usr/lib/gcc/avr/4.7.2/avr5/libgcc.a(_clear_bss.o)
 .text.libgcc.builtins
                0x0000000000001bb6        0x0 /usr/lib/gcc/avr/4.7.2/avr5/libgcc.a(_clear_bss.o)
 .text.libgcc.fmul
                0x0000000000001bb6        0x0 /usr/lib/gcc/avr/4.7.2/avr5/libgcc.a(_clear_bss.o)
 .text.libgcc.mul
                0x0000000000001bb6        0x0 /usr/lib/gcc/avr/4.7.2/avr5/libgcc.a(_udivmodhi4.o)
 .text.libgcc.div
                0x0000000000001bb6       0x28 /usr/lib/gcc/avr/4.7.2/avr5/libgcc.a(_udivmodhi4.o)
                0x0000000000001bb6                __udivmodhi4
 .text.libgcc   0x0000000000001bde        0x0 /usr/lib/gcc/avr/4.7.2/avr5/libgcc.a(_udivmodhi4.o)
 .text.libgcc.prologue
                0x0000000000001bde        0x0 /usr/lib/gcc/avr/4.7.2/avr5/libgcc.a(_udivmodhi4.o)
 .text.libgcc.builtins
                0x0000000000001bde        0x0 /usr/lib/gcc/avr/4.7.2/avr5/libgcc.a(_udivmodhi4.o)
 .text.libgcc.fmul
                0x0000000000001bde        0x0 /usr/lib/gcc/avr/4.7.2/avr5/libgcc.a(_udivmodhi4.o)
 .text.libgcc.mul
                0x0000000000001bde        0x0 /usr/lib/gcc/avr/4.7.2/avr5/libgcc.a(_udivmodsi4.o)
 .text.libgcc.div
                0x0000000000001bde       0x44 /usr/lib/gcc/avr/4.7.2/avr5/libgcc.a(_udivmodsi4.o)
                0x0000000000001bde                __udivmodsi4
 .text.libgcc   0x0000000000001c22        0x0 /usr/lib/gcc/avr/4.7.2/avr5/libgcc.a(_udivmodsi4.o)
 .text.libgcc.prologue
                0x0000000000001c22        0x0 /usr/lib/gcc/avr/4.7.2/avr5/libgcc.a(_udivmodsi4.o)
 .text.libgcc.builtins
                0x0000000000001c22        0x0 /usr/lib/gcc/avr/4.7.2/avr5/libgcc.a(_udivmodsi4.o)
 .text.libgcc.fmul
                0x0000000000001c22        0x0 /usr/lib/gcc/avr/4.7.2/avr5/libgcc.a(_udivmodsi4.o)
 .text.libgcc.mul
                0x0000000000001c22        0x0 /usr/lib/gcc/avr/4.7.2/avr5/libgcc.a(_prologue.o)
 .text.libgcc.div
                0x0000000000001c22        0x0 /usr/lib/gcc/avr/4.7.2/avr5/libgcc.a(_prologue.o)
 .text.libgcc   0x0000000000001c22        0x0 /usr/lib/gcc/avr/4.7.2/avr5/libgcc.a(_prologue.o)
 .text.libgcc.prologue
                0x0000000000001c22       0x38 /usr/lib/gcc/avr/4.7.2/avr5/libgcc.a(_prologue.o)
                0x0000000000001c22                __prologue_saves__
 .text.libgcc.builtins
                0x0000000000001c5a        0x0 /usr/lib/gcc/avr/4.7.2/avr5/libgcc.a(_prologue.o)
 .text.libgcc.fmul
                0x0000000000001c5a        0x0 /usr/lib/gcc/avr/4.7.2/avr5/libgcc.a(_prologue.o)
 .text.libgcc.mul
                0x0000000000001c5a        0x0 /usr/lib/gcc/avr/4.7.2/avr5/libgcc.a(_epilogue.o)
 .text.libgcc.div
                0x0000000000001c5a        0x0 /usr/lib/gcc/avr/4.7.2/avr5/libgcc.a(_epilogue.o)
 .text.libgcc   0x0000000000001c5a        0x0 /usr/lib/gcc/avr/4.7.2/avr5/libgcc.a(_epilogue.o)
 .text.libgcc.prologue
                0x0000000000001c5a       0x36 /usr/lib/gcc/avr/4.7.2/avr5/libgcc.a(_epilogue.o)
                0x0000000000001c5a                __epilogue_restores__
 .text.libgcc.builtins
                0x0000000000001c90        0x0 /usr/lib/gcc/avr/4.7.2/avr5/libgcc.a(_epilogue.o)
 .text.libgcc.fmul
                0x0000000000001c90        0x0 /usr/lib/gcc/avr/4.7.2/avr5/libgcc.a(_epilogue.o)
 .text.libgcc.mul
                0x0000000000001c90        0x0 /usr/lib/gcc/avr/4.7.2/avr5/libgcc.a(_clzsi2.o)
 .text.libgcc.div
                0x0000000000001c90        0x0 /usr/lib/gcc/avr/4.7.2/avr5/libgcc.a(_clzsi2.o)
 .text.libgcc   0x0000000000001c90        0x0 /usr/lib/gcc/avr/4.7.2/avr5/libgcc.a(_clzsi2.o)
 .text.libgcc.prologue
                0x0000000000001c90        0x0 /usr/lib/gcc/avr/4.7.2/avr5/libgcc.a(_clzsi2.o)
 .text.libgcc.builtins
                0x0000000000001c90       0x12 /usr/lib/gcc/avr/4.7.2/avr5/libgcc.a(_clzsi2.o)
                0x0000000000001c90                __clzsi2
 .text.libgcc.fmul
                0x0000000000001ca2        0x0 /usr/lib/gcc/avr/4.7.2/avr5/libgcc.a(_clzsi2.o)
 .text.libgcc.mul
                0x0000000000001ca2        0x0 /usr/lib/gcc/avr/4.7.2/avr5/libgcc.a(_clzhi2.o)
 .text.libgcc.div
                0x0000000000001ca2        0x0 /usr/lib/gcc/avr/4.7.2/avr5/libgcc.a(_clzhi2.o)
 .text.libgcc   0x0000000000001ca2        0x0 /usr/lib/gcc/avr/4.7.2/avr5/libgcc.a(_clzhi2.o)
 .text.libgcc.prologue
                0x0000000000001ca2        0x0 /usr/lib/gcc/avr/4.7.2/avr5/libgcc.a(_clzhi2.o)
 .text.libgcc.builtins
                0x0000000000001ca2       0x24 /usr/lib/gcc/avr/4.7.2/avr5/libgcc.a(_clzhi2.o)
                0x0000000000001ca2                __clzhi2
 .text.libgcc.fmul
                0x0000000000001cc6        0x0 /usr/lib/gcc/avr/4.7.2/avr5/libgcc.a(_clzhi2.o)
 .text.avr-libc
                0x0000000000001cc6        0xa /usr/lib/gcc/avr/4.7.2/../../../avr/lib/avr5/libc.a(abort.o)
                0x0000000000001cc6                abort
 .text.avr-libc.fplib
                0x0000000000001cd0       0x84 /usr/lib/gcc/avr/4.7.2/../../../avr/lib/avr5/libc.a(sqrt.o)
                0x0000000000001cd8                sqrt
 .text.avr-libc.fplib
                0x0000000000001d54       0x1c /usr/lib/gcc/avr/4.7.2/../../../avr/lib/avr5/libc.a(fp_mpack.o)
                0x0000000000001d54                __fp_mpack
                0x0000000000001d58                __fp_mpack_finite
 .text.avr-libc.fplib
                0x0000000000001d70        0x6 /usr/lib/gcc/avr/4.7.2/../../../avr/lib/avr5/libc.a(fp_nan.o)
                0x0000000000001d70                __fp_nan
 .text.avr-libc.fplib
                0x0000000000001d76        0xe /usr/lib/gcc/avr/4.7.2/../../../avr/lib/avr5/libc.a(fp_norm2.o)
                0x0000000000001d76                __fp_norm2
 .text.avr-libc.fplib
                0x0000000000001d84       0x44 /usr/lib/gcc/avr/4.7.2/../../../avr/lib/avr5/libc.a(fp_split3.o)
                0x0000000000001d84                __fp_split3
                0x0000000000001d94                __fp_splitA
                0x0000000000001dc8                . = ALIGN (0x2)
 *(.fini9)
 .fini9         0x0000000000001dc8        0x0 /usr/lib/gcc/avr/4.7.2/avr5/libgcc.a(_exit.o)
                0x0000000000001dc8                exit
                0x0000000000001dc8                _exit
 *(.fini9)
 *(.fini8)
 *(.fini8)
 *(.fini7)
 *(.fini7)
 *(.fini6)
 *(.fini6)
 *(.fini5)
 *(.fini5)
 *(.fini4)
 *(.fini4)
 *(.fini3)
 *(.fini3)
 *(.fini2)
 *(.fini2)
 *(.fini1)
 *(.fini1)
 *(.fini0)
 .fini0         0x0000000000001dc8        0x4 /usr/lib/gcc/avr/4.7.2/avr5/libgcc.a(_exit.o)
 *(.fini0)
                0x0000000000001dcc                _etext = .

.data           0x0000000000800100       0x1a load address 0x0000000000001dcc
                0x0000000000800100                PROVIDE (__data_start, .)
 *(.data)
 .data          0x0000000000800100        0x0 /usr/lib/gcc/avr/4.7.2/../../../avr/lib/avr5/crtm328p.o
 .data          0x0000000000800100        0x0 ./src/motores.o
 .data          0x0000000000800100        0x0 ./src/myDelay.o
 .data          0x0000000000800100        0x0 ./src/sensorIR.o
 .data          0x0000000000800100        0x0 ./src/uart.o
 .data          0x0000000000800100        0x0 ./src/ultrasom.o
 .data          0x0000000000800100        0x0 ./src/ultrasom_stepper.o
 .data          0x0000000000800100        0x0 ./main.o
 .data          0x0000000000800100        0x0 /usr/lib/gcc/avr/4.7.2/avr5/libgcc.a(_divmodhi4.o)
 .data          0x0000000000800100        0x0 /usr/lib/gcc/avr/4.7.2/avr5/libgcc.a(_divmodsi4.o)
 .data          0x0000000000800100        0x0 /usr/lib/gcc/avr/4.7.2/avr5/libgcc.a(_exit.o)
 .data          0x0000000000800100        0x0 /usr/lib/gcc/avr/4.7.2/avr5/libgcc.a(_copy_data.o)
 .data          0x0000000000800100        0x0 /usr/lib/gcc/avr/4.7.2/avr5/libgcc.a(_clear_bss.o)
 .data          0x0000000000800100        0x0 /usr/lib/gcc/avr/4.7.2/avr5/libgcc.a(_addsub_sf.o)
 .data          0x0000000000800100        0x0 /usr/lib/gcc/avr/4.7.2/avr5/libgcc.a(_mul_sf.o)
 .data          0x0000000000800100        0x0 /usr/lib/gcc/avr/4.7.2/avr5/libgcc.a(_div_sf.o)
 .data          0x0000000000800100        0x0 /usr/lib/gcc/avr/4.7.2/avr5/libgcc.a(_gt_sf.o)
 .data          0x0000000000800100        0x0 /usr/lib/gcc/avr/4.7.2/avr5/libgcc.a(_ge_sf.o)
 .data          0x0000000000800100        0x0 /usr/lib/gcc/avr/4.7.2/avr5/libgcc.a(_si_to_sf.o)
 .data          0x0000000000800100        0x0 /usr/lib/gcc/avr/4.7.2/avr5/libgcc.a(_sf_to_si.o)
 .data          0x0000000000800100        0x0 /usr/lib/gcc/avr/4.7.2/avr5/libgcc.a(_thenan_sf.o)
 .data          0x0000000000800100        0x0 /usr/lib/gcc/avr/4.7.2/avr5/libgcc.a(_usi_to_sf.o)
 .data          0x0000000000800100        0x0 /usr/lib/gcc/avr/4.7.2/avr5/libgcc.a(_udivmodhi4.o)
 .data          0x0000000000800100        0x0 /usr/lib/gcc/avr/4.7.2/avr5/libgcc.a(_udivmodsi4.o)
 .data          0x0000000000800100        0x0 /usr/lib/gcc/avr/4.7.2/avr5/libgcc.a(_prologue.o)
 .data          0x0000000000800100        0x0 /usr/lib/gcc/avr/4.7.2/avr5/libgcc.a(_epilogue.o)
 .data          0x0000000000800100        0x0 /usr/lib/gcc/avr/4.7.2/avr5/libgcc.a(_clzsi2.o)
 .data          0x0000000000800100        0x0 /usr/lib/gcc/avr/4.7.2/avr5/libgcc.a(_clzhi2.o)
 .data          0x0000000000800100        0x0 /usr/lib/gcc/avr/4.7.2/avr5/libgcc.a(_pack_sf.o)
 .data          0x0000000000800100        0x0 /usr/lib/gcc/avr/4.7.2/avr5/libgcc.a(_unpack_sf.o)
 .data          0x0000000000800100        0x0 /usr/lib/gcc/avr/4.7.2/avr5/libgcc.a(_fpcmp_parts_sf.o)
 .data          0x0000000000800100        0x0 /usr/lib/gcc/avr/4.7.2/../../../avr/lib/avr5/libc.a(abort.o)
 .data          0x0000000000800100        0x0 /usr/lib/gcc/avr/4.7.2/../../../avr/lib/avr5/libc.a(iob.o)
 .data          0x0000000000800100        0x0 /usr/lib/gcc/avr/4.7.2/../../../avr/lib/avr5/libc.a(sqrt.o)
 .data          0x0000000000800100        0x0 /usr/lib/gcc/avr/4.7.2/../../../avr/lib/avr5/libc.a(fp_mpack.o)
 .data          0x0000000000800100        0x0 /usr/lib/gcc/avr/4.7.2/../../../avr/lib/avr5/libc.a(fp_nan.o)
 .data          0x0000000000800100        0x0 /usr/lib/gcc/avr/4.7.2/../../../avr/lib/avr5/libc.a(fp_norm2.o)
 .data          0x0000000000800100        0x0 /usr/lib/gcc/avr/4.7.2/../../../avr/lib/avr5/libc.a(fp_split3.o)
 *(.data*)
 .data.mystdout
                0x0000000000800100        0xe ./main.o
 *(.rodata)
 .rodata        0x000000000080010e        0x8 /usr/lib/gcc/avr/4.7.2/avr5/libgcc.a(_thenan_sf.o)
                0x000000000080010e                __thenan_sf
 *(.rodata*)
 .rodata.timeStamp
                0x0000000000800116        0x4 ./main.o
                0x0000000000800116                timeStamp
 *(.gnu.linkonce.d*)
                0x000000000080011a                . = ALIGN (0x2)
                0x000000000080011a                _edata = .
                0x000000000080011a                PROVIDE (__data_end, .)

.bss            0x000000000080011a       0x55
                0x000000000080011a                PROVIDE (__bss_start, .)
 *(.bss)
 .bss           0x000000000080011a        0x0 /usr/lib/gcc/avr/4.7.2/../../../avr/lib/avr5/crtm328p.o
 .bss           0x000000000080011a        0x0 ./src/motores.o
 .bss           0x000000000080011a        0x0 ./src/myDelay.o
 .bss           0x000000000080011a        0x0 ./src/sensorIR.o
 .bss           0x000000000080011a        0x0 ./src/uart.o
 .bss           0x000000000080011a        0x0 ./src/ultrasom.o
 .bss           0x000000000080011a        0x0 ./src/ultrasom_stepper.o
 .bss           0x000000000080011a        0x0 ./main.o
 .bss           0x000000000080011a        0x0 /usr/lib/gcc/avr/4.7.2/avr5/libgcc.a(_divmodhi4.o)
 .bss           0x000000000080011a        0x0 /usr/lib/gcc/avr/4.7.2/avr5/libgcc.a(_divmodsi4.o)
 .bss           0x000000000080011a        0x0 /usr/lib/gcc/avr/4.7.2/avr5/libgcc.a(_exit.o)
 .bss           0x000000000080011a        0x0 /usr/lib/gcc/avr/4.7.2/avr5/libgcc.a(_copy_data.o)
 .bss           0x000000000080011a        0x0 /usr/lib/gcc/avr/4.7.2/avr5/libgcc.a(_clear_bss.o)
 .bss           0x000000000080011a        0x0 /usr/lib/gcc/avr/4.7.2/avr5/libgcc.a(_addsub_sf.o)
 .bss           0x000000000080011a        0x0 /usr/lib/gcc/avr/4.7.2/avr5/libgcc.a(_mul_sf.o)
 .bss           0x000000000080011a        0x0 /usr/lib/gcc/avr/4.7.2/avr5/libgcc.a(_div_sf.o)
 .bss           0x000000000080011a        0x0 /usr/lib/gcc/avr/4.7.2/avr5/libgcc.a(_gt_sf.o)
 .bss           0x000000000080011a        0x0 /usr/lib/gcc/avr/4.7.2/avr5/libgcc.a(_ge_sf.o)
 .bss           0x000000000080011a        0x0 /usr/lib/gcc/avr/4.7.2/avr5/libgcc.a(_si_to_sf.o)
 .bss           0x000000000080011a        0x0 /usr/lib/gcc/avr/4.7.2/avr5/libgcc.a(_sf_to_si.o)
 .bss           0x000000000080011a        0x0 /usr/lib/gcc/avr/4.7.2/avr5/libgcc.a(_thenan_sf.o)
 .bss           0x000000000080011a        0x0 /usr/lib/gcc/avr/4.7.2/avr5/libgcc.a(_usi_to_sf.o)
 .bss           0x000000000080011a        0x0 /usr/lib/gcc/avr/4.7.2/avr5/libgcc.a(_udivmodhi4.o)
 .bss           0x000000000080011a        0x0 /usr/lib/gcc/avr/4.7.2/avr5/libgcc.a(_udivmodsi4.o)
 .bss           0x000000000080011a        0x0 /usr/lib/gcc/avr/4.7.2/avr5/libgcc.a(_prologue.o)
 .bss           0x000000000080011a        0x0 /usr/lib/gcc/avr/4.7.2/avr5/libgcc.a(_epilogue.o)
 .bss           0x000000000080011a        0x0 /usr/lib/gcc/avr/4.7.2/avr5/libgcc.a(_clzsi2.o)
 .bss           0x000000000080011a        0x0 /usr/lib/gcc/avr/4.7.2/avr5/libgcc.a(_clzhi2.o)
 .bss           0x000000000080011a        0x0 /usr/lib/gcc/avr/4.7.2/avr5/libgcc.a(_pack_sf.o)
 .bss           0x000000000080011a        0x0 /usr/lib/gcc/avr/4.7.2/avr5/libgcc.a(_unpack_sf.o)
 .bss           0x000000000080011a        0x0 /usr/lib/gcc/avr/4.7.2/avr5/libgcc.a(_fpcmp_parts_sf.o)
 .bss           0x000000000080011a        0x0 /usr/lib/gcc/avr/4.7.2/../../../avr/lib/avr5/libc.a(abort.o)
 .bss           0x000000000080011a        0x0 /usr/lib/gcc/avr/4.7.2/../../../avr/lib/avr5/libc.a(iob.o)
 .bss           0x000000000080011a        0x0 /usr/lib/gcc/avr/4.7.2/../../../avr/lib/avr5/libc.a(sqrt.o)
 .bss           0x000000000080011a        0x0 /usr/lib/gcc/avr/4.7.2/../../../avr/lib/avr5/libc.a(fp_mpack.o)
 .bss           0x000000000080011a        0x0 /usr/lib/gcc/avr/4.7.2/../../../avr/lib/avr5/libc.a(fp_nan.o)
 .bss           0x000000000080011a        0x0 /usr/lib/gcc/avr/4.7.2/../../../avr/lib/avr5/libc.a(fp_norm2.o)
 .bss           0x000000000080011a        0x0 /usr/lib/gcc/avr/4.7.2/../../../avr/lib/avr5/libc.a(fp_split3.o)
 *(.bss*)
 .bss.UART_LastRxError
                0x000000000080011a        0x1 ./src/uart.o
 .bss.UART_RxTail
                0x000000000080011b        0x1 ./src/uart.o
 .bss.UART_RxHead
                0x000000000080011c        0x1 ./src/uart.o
 .bss.UART_TxTail
                0x000000000080011d        0x1 ./src/uart.o
 .bss.UART_TxHead
                0x000000000080011e        0x1 ./src/uart.o
 .bss.UART_RxBuf
                0x000000000080011f       0x20 ./src/uart.o
 .bss.UART_TxBuf
                0x000000000080013f       0x20 ./src/uart.o
 .bss.buttonStatus
                0x000000000080015f        0x1 ./main.o
                0x000000000080015f                buttonStatus
 .bss.dataByte  0x0000000000800160        0x1 ./main.o
                0x0000000000800160                dataByte
 *(COMMON)
 COMMON         0x0000000000800161        0x8 ./main.o
                0x0000000000800161                x
                0x0000000000800163                milliseconds
                0x0000000000800167                y
 COMMON         0x0000000000800169        0x6 /usr/lib/gcc/avr/4.7.2/../../../avr/lib/avr5/libc.a(iob.o)
                0x0000000000800169                __iob
                0x000000000080016f                PROVIDE (__bss_end, .)
                0x0000000000001dcc                __data_load_start = LOADADDR (.data)
                0x0000000000001de6                __data_load_end = (__data_load_start + SIZEOF (.data))

.noinit         0x000000000080016f        0x0
                0x000000000080016f                PROVIDE (__noinit_start, .)
 *(.noinit*)
                0x000000000080016f                PROVIDE (__noinit_end, .)
                0x000000000080016f                _end = .
                0x000000000080016f                PROVIDE (__heap_start, .)

.eeprom         0x0000000000810000        0x0
 *(.eeprom*)
                0x0000000000810000                __eeprom_end = .

.fuse
 *(.fuse)
 *(.lfuse)
 *(.hfuse)
 *(.efuse)

.lock
 *(.lock*)

.signature
 *(.signature*)

.stab           0x0000000000000000     0x10f8
 *(.stab)
 .stab          0x0000000000000000      0x6cc /usr/lib/gcc/avr/4.7.2/../../../avr/lib/avr5/crtm328p.o
 .stab          0x00000000000006cc       0x48 /usr/lib/gcc/avr/4.7.2/../../../avr/lib/avr5/libc.a(abort.o)
                                         0x54 (size before relaxing)
 .stab          0x0000000000000714      0x300 /usr/lib/gcc/avr/4.7.2/../../../avr/lib/avr5/libc.a(iob.o)
                                        0x30c (size before relaxing)
 .stab          0x0000000000000a14      0x354 /usr/lib/gcc/avr/4.7.2/../../../avr/lib/avr5/libc.a(sqrt.o)
                                        0x360 (size before relaxing)
 .stab          0x0000000000000d68       0xe4 /usr/lib/gcc/avr/4.7.2/../../../avr/lib/avr5/libc.a(fp_mpack.o)
                                         0xf0 (size before relaxing)
 .stab          0x0000000000000e4c       0x54 /usr/lib/gcc/avr/4.7.2/../../../avr/lib/avr5/libc.a(fp_nan.o)
                                         0x60 (size before relaxing)
 .stab          0x0000000000000ea0       0x84 /usr/lib/gcc/avr/4.7.2/../../../avr/lib/avr5/libc.a(fp_norm2.o)
                                         0x90 (size before relaxing)
 .stab          0x0000000000000f24      0x1d4 /usr/lib/gcc/avr/4.7.2/../../../avr/lib/avr5/libc.a(fp_split3.o)
                                        0x1e0 (size before relaxing)

.stabstr        0x0000000000000000      0x910
 *(.stabstr)
 .stabstr       0x0000000000000000      0x910 /usr/lib/gcc/avr/4.7.2/../../../avr/lib/avr5/crtm328p.o

.stab.excl
 *(.stab.excl)

.stab.exclstr
 *(.stab.exclstr)

.stab.index
 *(.stab.index)

.stab.indexstr
 *(.stab.indexstr)

.comment        0x0000000000000000       0x22
 *(.comment)
 .comment       0x0000000000000000       0x11 ./src/motores.o
                                         0x12 (size before relaxing)
 .comment       0x0000000000000000       0x12 ./src/myDelay.o
 .comment       0x0000000000000000       0x12 ./src/sensorIR.o
 .comment       0x0000000000000000       0x12 ./src/uart.o
 .comment       0x0000000000000000       0x12 ./src/ultrasom.o
 .comment       0x0000000000000000       0x12 ./src/ultrasom_stepper.o
 .comment       0x0000000000000000       0x12 ./main.o
 .comment       0x0000000000000000       0x12 /usr/lib/gcc/avr/4.7.2/avr5/libgcc.a(_addsub_sf.o)
 .comment       0x0000000000000000       0x12 /usr/lib/gcc/avr/4.7.2/avr5/libgcc.a(_mul_sf.o)
 .comment       0x0000000000000000       0x12 /usr/lib/gcc/avr/4.7.2/avr5/libgcc.a(_div_sf.o)
 .comment       0x0000000000000000       0x12 /usr/lib/gcc/avr/4.7.2/avr5/libgcc.a(_gt_sf.o)
 .comment       0x0000000000000000       0x12 /usr/lib/gcc/avr/4.7.2/avr5/libgcc.a(_ge_sf.o)
 .comment       0x0000000000000000       0x12 /usr/lib/gcc/avr/4.7.2/avr5/libgcc.a(_si_to_sf.o)
 .comment       0x0000000000000000       0x12 /usr/lib/gcc/avr/4.7.2/avr5/libgcc.a(_sf_to_si.o)
 .comment       0x0000000000000000       0x12 /usr/lib/gcc/avr/4.7.2/avr5/libgcc.a(_thenan_sf.o)
 .comment       0x0000000000000000       0x12 /usr/lib/gcc/avr/4.7.2/avr5/libgcc.a(_usi_to_sf.o)
 .comment       0x0000000000000000       0x12 /usr/lib/gcc/avr/4.7.2/avr5/libgcc.a(_pack_sf.o)
 .comment       0x0000000000000000       0x12 /usr/lib/gcc/avr/4.7.2/avr5/libgcc.a(_unpack_sf.o)
 .comment       0x0000000000000000       0x12 /usr/lib/gcc/avr/4.7.2/avr5/libgcc.a(_fpcmp_parts_sf.o)
 .comment       0x0000000000000011       0x11 /usr/lib/gcc/avr/4.7.2/../../../avr/lib/avr5/libc.a(iob.o)
                                         0x12 (size before relaxing)

.debug
 *(.debug)

.line
 *(.line)

.debug_srcinfo
 *(.debug_srcinfo)

.debug_sfnames
 *(.debug_sfnames)

.debug_aranges
 *(.debug_aranges)

.debug_pubnames
 *(.debug_pubnames)

.debug_info
 *(.debug_info)
 *(.gnu.linkonce.wi.*)

.debug_abbrev
 *(.debug_abbrev)

.debug_line
 *(.debug_line)

.debug_frame
 *(.debug_frame)

.debug_str
 *(.debug_str)

.debug_loc
 *(.debug_loc)

.debug_macinfo
 *(.debug_macinfo)
OUTPUT(robot_aic.elf elf32-avr)
LOAD linker stubs
